---
source: libs/@local/hashql/syntax-jexpr/src/parser/object/visit.rs
description: Object with consecutive commas should fail
expression: "{\"a\": 1,,\"b\": 2}"
---
[31m[object::consecutive-comma] Error:[0m Object
   â•­â”€[ <unknown>:1:9 ]
   â”‚
 1 â”‚ {"a": 1,,"b": 2}
   â”‚         â”¬  
   â”‚         â•°â”€â”€ Remove this extra comma
   â”‚ 
   â”‚ Help: J-Expr requires exactly one comma between key-value pairs. Use `{"key1": value1, "key2": value2}` format.
â”€â”€â”€â•¯
