---
source: libs/@blockprotocol/type-system/rust/tests/codegen.rs
description: Generated TS types
extension: d.ts
snapshot_kind: binary
---
