---
source: libs/@local/hql/cst/src/parse/json/node.rs
expression: result
---
Err(
    [1mmalformed expression object[22m
    â”œâ•´at [3mlibs/@local/hql/cst/src/parse/json/node.rs:122:14[23m
    â”‚
    â”œâ”€â–¶ [1munable to parse[22m
    â”‚   â•°â•´at [3mlibs/@local/hql/cst/src/parse/json/node_object.rs:514:14[23m
    â”‚
    â”œâ”€â–¶ [1merror while parsing object entry[22m
    â”‚   â•°â•´at [3mlibs/@local/hql/cst/src/parse/json/util.rs:202:55[23m
    â”‚
    â•°â”€â–¶ [1msignature object only allows for `sig` key, received `fn`[22m
        â”œâ•´at [3mlibs/@local/hql/cst/src/parse/json/node_object.rs:431:22[23m
        â•°â•´1 additional opaque attachment,
)
