Expr#4294967040@18
  ExprKind (Underscore)

------------------------

Numbers:0 = List<Number>