Expr#4294967040@11
  ExprKind (Underscore)

------------------------

Inferred:0 = _0