---
source: libs/@local/hashql/core/src/type/kind/tests/generic_apply.rs
expression: "env.r#type(result_id).pretty_print(&env,\nPrettyOptions::default().with_depth_tracking().without_color())"
---
(bar: <T?1>(foo: ?1) where<?1 = String>, baz: <T?2>(foo: ?2) where<?2 = Number>)
