════ Initial HIR ═══════════════════════════════════════════════════════════════

::graph::tail::collect(::graph::head::entities(::graph::tmp::decision_time_now()))

════ HIR after normalization ═══════════════════════════════════════════════════

#let %0 = ::graph::tmp::decision_time_now()
     %1 = ::graph::head::entities(%0) |> ::graph::tail::collect
in
%1
