---
source: tests/test_debug.rs
expression: "format!(\"{report:?}\")"
---

Root error
â”‚ ðŸ“Œ tests/common.rs:140:5
â•°â”€â–¶ backtrace with 12 frames (1)
    â•° ðŸ“Œ tests/common.rs:140:5

