---
source: tests/test_debug.rs
expression: "format!(\"{report:?}\")"
---

Printable A
â”‚ ğŸ“Œ tests/test_debug.rs:112:38
â•°â”€â–¶ Root error
    â•° ğŸ“Œ tests/common.rs:140:5

Test
â”‚ ğŸ“Œ tests/test_debug.rs:123:39
â”œâ”€â–¶ 1 additional attachment
â”œâ”€â–¶ Printable B
â”‚   â”‚ ğŸ“Œ tests/test_debug.rs:114:42
â”‚   â•°â”€â–¶ Root error
â”‚       â•° ğŸ“Œ tests/common.rs:140:5
â•°â”€â–¶ Printable B
    â”‚ ğŸ“Œ tests/test_debug.rs:120:18
    â”œâ”€â–¶ ABC
    â”‚   â•° ğŸ“Œ tests/test_debug.rs:118:18
    â”œâ”€â–¶ Root error
    â”‚   â•° ğŸ“Œ tests/common.rs:140:5
    â•°â”€â–¶ 1 additional attachment

