Expr#4294967040@25
  ExprKind (Call)
    CallExpr#4294967040@25
      Expr#4294967040@3
        ExprKind (Path)
          Path#4294967040@3 (rooted: true)
            PathSegment#4294967040@2 (name: kernel)
            PathSegment#4294967040@2 (name: special_form)
            PathSegment#4294967040@2 (name: let)
      Argument#4294967040@16
        Expr#4294967040@16
          ExprKind (Call)
            CallExpr#4294967040@16
              Expr#4294967040@7
                ExprKind (Path)
                  Path#4294967040@7 (rooted: true)
                    PathSegment#4294967040@6 (name: math)
                    PathSegment#4294967040@6 (name: add)
              Argument#4294967040@11
                Expr#4294967040@11
                  ExprKind (Path)
                    Path#4294967040@11 (rooted: false)
                      PathSegment#4294967040@10 (name: a)
              Argument#4294967040@15
                Expr#4294967040@15
                  ExprKind (Path)
                    Path#4294967040@15 (rooted: false)
                      PathSegment#4294967040@14 (name: b)
      Argument#4294967040@20
        Expr#4294967040@20
          ExprKind (Path)
            Path#4294967040@20 (rooted: false)
              PathSegment#4294967040@19 (name: c)
      Argument#4294967040@24
        Expr#4294967040@24
          ExprKind (Path)
            Path#4294967040@24 (rooted: false)
              PathSegment#4294967040@23 (name: body)
