---
source: libs/@local/codegen/tests/codegen/main.rs
expression: generated
---
export type TupleNested = {
	nested: [string, [number, boolean]]
};
