Expr#4294967040@13
  ExprKind (Underscore)

------------------------

type Distinct:0 = Distinct:0[Number]