---
source: libs/@local/hql/syntax-jexpr/src/lexer/mod.rs
expression: "\"\\z\""
---
[31m[jexpr::lexing::invalid-string] Error:[0m Invalid String Literal
   â•­â”€[ <unknown>:1:4 ]
   â”‚
 1 â”‚ "\z"
   â”‚    â”‚ 
   â”‚    â•°â”€ Invalid escape sequence
   â”‚ 
   â”‚ Help: unknown escape sequence type
â”€â”€â”€â•¯
