123

--------------------------------------

123

--------------------------------------

Node:
123


Type:
Integer