<b>invalid input parameter</b>
├╴at <i>libs/error-stack/src/fmt/charset.rs:24:42</i>
├╴backtrace (1)
╰╴📝 oh no, try again

━━━━━━━━━━━━━━━━━━━━━━━━━━━━━━━━━━━━━━━━

backtrace no. 1
  [redacted]