[31m[sanitizer::invalid-generic-constraint] Error:[0m Invalid generic constraint
   â•­â”€[ <unknown>:4:8 ]
   â”‚
 4 â”‚   "add<T: Number>",
   â”‚        â”€â”€â”€â”€â”¬â”€â”€â”€â”€  
   â”‚            â•°â”€â”€â”€â”€â”€â”€ Remove this constraint from 'T'
   â”‚ 
   â”‚ Help: Generic constraints (like 'T: Bound') are not allowed in this context. Use just the parameter name without bounds: 'T'. For example, change 'T: Clone' to just 'T'.
   â”‚ 
   â”‚ Note: Generic constraints with bounds can only be used in certain positions such as function declarations, type declarations and newtype declarations. In other contexts, like usage sites, only the parameter name should be specified.
â”€â”€â”€â•¯
