---
source: tests/test_debug.rs
expression: "format!(\"{report:#?}\")"
---
root error
├╴at tests/common.rs:9:5
├╴backtrace (1)
├╴span trace with 2 frames (1)
╰╴Empty

━━━━━━━━━━━━━━━━━━━━━━━━━━━━━━━━━━━━━━━━

backtrace no. 1
  [redacted]

span trace No. 1
  [redacted]

Snippet
