---
source: libs/error-stack/tests/test_debug.rs
expression: "format!(\"{report:#?}\")"
---
context A
├╴at libs/error-stack/tests/test_debug.rs:211:10
├╴2
├╴1
│
╰┬▶ context A
 │  ├╴at libs/error-stack/tests/test_debug.rs:204:10
 │  ├╴4
 │  ├╴3
 │  │
 │  ╰─▶ root error
 │      ├╴at libs/error-stack/tests/common.rs:9:5
 │      ╰╴6
 │
 ╰▶ context A
    ├╴at libs/error-stack/tests/test_debug.rs:199:10
    ├╴5
    ├╴3
    │
    ├─▶ context A
    │   ├╴at libs/error-stack/tests/test_debug.rs:197:10
    │   ╰╴7
    │
    ╰┬▶ context A
     │  ├╴at libs/error-stack/tests/test_debug.rs:188:34
     │  ├╴9
     │  ├╴8
     │  │
     │  ╰─▶ root error
     │      ╰╴at libs/error-stack/tests/common.rs:9:5
     │
     ├▶ context A
     │  ├╴at libs/error-stack/tests/test_debug.rs:181:10
     │  ├╴13
     │  ├╴10
     │  ├╴16
     │  ├╴9
     │  ├╴8
     │  │
     │  ╰─▶ root error
     │      ╰╴at libs/error-stack/tests/common.rs:9:5
     │
     ├▶ context A
     │  ├╴at libs/error-stack/tests/test_debug.rs:167:10
     │  ├╴15
     │  ├╴14
     │  ├╴10
     │  ├╴16
     │  ├╴9
     │  ├╴8
     │  │
     │  ╰─▶ root error
     │      ╰╴at libs/error-stack/tests/common.rs:9:5
     │
     ├▶ context A
     │  ├╴at libs/error-stack/tests/test_debug.rs:177:10
     │  ├╴11
     │  ├╴9
     │  ├╴8
     │  │
     │  ╰─▶ root error
     │      ╰╴at libs/error-stack/tests/common.rs:9:5
     │
     ╰▶ context A
        ├╴at libs/error-stack/tests/test_debug.rs:173:10
        ├╴12
        ├╴9
        ├╴8
        │
        ├─▶ context A
        │   ╰╴at libs/error-stack/tests/test_debug.rs:172:10
        │
        ╰─▶ root error
            ╰╴at libs/error-stack/tests/common.rs:9:5
