---
source: libs/@local/hashql/syntax-jexpr/src/parser/string/path.rs
description: Invalid path separator
expression: foo;bar
info:
  kind: Err
---
foo;bar
   ^
