---
source: libs/@local/hashql/syntax-jexpr/src/parser/string/ident.rs
description: Colon in backticks (should be rejected)
expression: "`:`"
info:
  kind: Err
---
`:`
  ^
invalid identifier
expected http(s) url with trailing `/`
