---
source: libs/@local/hashql/syntax-jexpr/src/parser/string/expr.rs
description: Simple field access
expression: ".field"
info:
  kind: Ok
---
Field(
    Ident {
        span: SpanId(
            1,
        ),
        name: Symbol(
            "field",
        ),
        kind: Lexical,
    },
)
