════ HIR ═══════════════════════════════════════════════════════════════════════

::core::graph::head::entities(::core::graph::tmp::decision_time_now())
|> ::core::graph::body::filter(#fn(vertex:0: _0«Entity[(id:
 EntityRecordId[(edition_id: EntityEditionId[Uuid[String]], entity_id:
  EntityId[(draft_id: (None[Null] | Some[DraftId[Uuid[String]]]), entity_uuid:
   EntityUuid[Uuid[String]], web_id:
   WebId[ActorGroupEntityUuid[Uuid[String]]])])], link_data: (None[Null]
  | Some[LinkData[(left_entity_id: EntityId[(draft_id: (None[Null]
     | Some[DraftId[Uuid[String]]]), entity_uuid: EntityUuid[Uuid[String]],
    web_id: WebId[ActorGroupEntityUuid[Uuid[String]]])], right_entity_id:
   EntityId[(draft_id: (None[Null] | Some[DraftId[Uuid[String]]]), entity_uuid:
    EntityUuid[Uuid[String]], web_id:
    WebId[ActorGroupEntityUuid[Uuid[String]]])])]]), properties: ?)]»):
_1«Boolean» ->
    (#ctor(fn() -> None[Null], arguments: [])() == #ctor(fn() -> None[Null],
    arguments: [])())) |> ::core::graph::tail::collect

════ Entity Filter ═════════════════════════════════════════════════════════════

[
    Equal(
        Some(
            Parameter {
                parameter: Any(
                    Null,
                ),
                convert: None,
            },
        ),
        Some(
            Parameter {
                parameter: Any(
                    Null,
                ),
                convert: None,
            },
        ),
    ),
]
