════ HIR ═══════════════════════════════════════════════════════════════════════

::core::graph::head::entities(::core::graph::tmp::decision_time_now())
|> ::core::graph::body::filter(#fn(vertex:0: _0«Entity[(id:
 EntityRecordId[(edition_id: EntityEditionId[Uuid[String]], entity_id:
  EntityId[(draft_id: (Some[DraftId[Uuid[String]]] | None[Null]), entity_uuid:
   EntityUuid[Uuid[String]], web_id:
   WebId[ActorGroupEntityUuid[Uuid[String]]])])], link_data:
 (Some[LinkData[(left_entity_id: EntityId[(draft_id:
    (Some[DraftId[Uuid[String]]] | None[Null]), entity_uuid:
    EntityUuid[Uuid[String]], web_id:
    WebId[ActorGroupEntityUuid[Uuid[String]]])], right_entity_id:
   EntityId[(draft_id: (Some[DraftId[Uuid[String]]] | None[Null]), entity_uuid:
    EntityUuid[Uuid[String]], web_id:
    WebId[ActorGroupEntityUuid[Uuid[String]]])])]]
  | None[Null]), properties: ?)]»): _1«Boolean» ->
    #is(true, type: Boolean)) |> ::core::graph::tail::collect

════ Entity Filter ═════════════════════════════════════════════════════════════

[
    Equal(
        Some(
            Parameter {
                parameter: Boolean(
                    true,
                ),
                convert: None,
            },
        ),
        Some(
            Parameter {
                parameter: Boolean(
                    true,
                ),
                convert: None,
            },
        ),
    ),
]
