---
source: libs/@local/hashql/syntax-jexpr/src/parser/array/visit.rs
description: Unclosed array should fail
expression: "[1, 2"
---
[31m[lexer::lexer::unexpected-eof] Error:[0m Lexer
   â•­â”€[ <unknown>:1:6 ]
   â”‚
 1 â”‚ [1, 2
   â”‚      â”‚ 
   â”‚      â•°â”€ Unexpected end of file
   â”‚ 
   â”‚ Help: Missing closing bracket. Make sure all opening brackets have matching closing brackets.
â”€â”€â”€â•¯
