════ Initial HIR ═══════════════════════════════════════════════════════════════

#let foo:0 = ::core::math::add in
#let bar:0 = ::core::math::add in
bar:0

════ HIR after type inference ══════════════════════════════════════════════════

#let foo:0 = ::core::math::add in
#let bar:0 = ::core::math::add in
bar:0

════ Intrinsics ════════════════════════════════════════════════════════════════

┌─ ::core::math::add
└→ ::core::math::add

┌─ ::core::math::add
└→ ::core::math::add

┌─ bar:0
└→ ::core::math::add

